// Jest Snapshot v1, https://goo.gl/fbAQLP

exports[`<App /> should match snapshot 1`] = `
<div
  className="App"
>
  <div>
    <h1
      className="Header"
    >
      React Wars
    </h1>
  </div>
  <div
    className="sc-bxivhb pvEHR"
  />
</div>
`;
