// Jest Snapshot v1, https://goo.gl/fbAQLP

exports[`<Header /> should match snapshot 1`] = `
<div>
  <h1
    className="Header"
  >
    React Wars
  </h1>
</div>
`;
